************************************************************
*                                                          *
*                     Simulation report                    *
*                                                          *
************************************************************

Simulation ID: 20100329-XIEKLI
Date: 2010-Mar-29 15:12:10.945298
Computer: lisah-crampling
User: fabrejc

Input data set: /home/fabrejc/Labo/OpenFLUID/Workspace/Engine-trunk/tests/datasets/OPENFLUID.IN.CheckOutputsDirect
Output data set: /home/fabrejc/Labo/OpenFLUID/Workspace/Engine-trunk/_build/tests-output/OPENFLUID.OUT.CheckOutputsDirect

Spatial domain:
  - UnitsA, 7 units
  - UnitsB, 5 units

Simulation period: 2000-01-01 00:00:00 to 2000-01-01 06:00:00
Time steps: 180 of 120 seconds
